[
  {
    "uriPattern" : "/hello",
    "endpointName": "Say Hello",
    "method" : "GET",
    "authType" : "NONE",
    "throttlingTier" : "UNLIMITED",
    "queryParameters": [
      {
        "name": "name",
        "required": true
      }
    ]
  }
]
