[
  {
    "uriPattern" : "/hello",
    "endpointName": "Say Hello",
    "method" : "GET",
    "authType" : "NONE",
    "throttlingTier" : "UNLIMITED"
  }
]
